// Jest Snapshot v1, https://goo.gl/fbAQLP

exports[`rtr returns expected JSON output based on renderer component 1`] = `
<RCTView>
  <RCTText
    accessible={true}
    allowFontScaling={true}
    ellipsizeMode="tail"
    isHighlighted={false}
    selectionColor={null}
  >
    Hello
  </RCTText>
  <RCTView />
</RCTView>
`;
